{"word":"expected","priority":"★★★","meanings":[{"part_of_speech":"adjective","definition":"予期された、予想された、期待された","english_definition":"anticipated; regarded as likely to happen.","examples":[{"sentence":"The expected arrival time is 6 PM.","translation":"到着予定時刻は午後6時です。"},{"sentence":"The expected outcome of the meeting is a compromise.","translation":"会議の予想される結果は妥協案です。"},{"sentence":"The expected lifespan of this product is five years.","translation":"この製品の期待寿命は5年です。"}],"collocations":["expected value (期待値)","expected result (予想される結果)","expected behavior (期待される動作)","expected return (期待収益)","as expected (予想通り)"],"synonyms":["anticipated","predicted","foreseen","projected","likely","probable"],"antonyms":["unexpected","unforeseen","surprising"]},{"part_of_speech":"verb","definition":"(expectの過去形・過去分詞) 予期した、期待した","english_definition":"past tense and past participle of expect.","examples":[{"sentence":"I expected him to be late.","translation":"彼が遅れるだろうと予想していた。"},{"sentence":"We expected a large crowd at the concert.","translation":"コンサートには大勢の人が集まると予想していた。"},{"sentence":"She had expected to get the job.","translation":"彼女はその仕事を得られると期待していた。"}],"collocations":["expected to do something (～することを期待された)","expected that (～ということを予期した)"],"synonyms":["anticipated","hoped for","looked forward to"],"antonyms":[]}],"etymology":{"value":"動詞「expect」の過去分詞形。ラテン語の「exspectare」（見張る、待ち望む）に由来し、「ex-」（外へ）+「spectare」（見る）から構成される。元々は「何かを待ち望んで見張る」という意味合いが強く、そこから「予期する、期待する」という意味に発展した。","priority":"★★☆"},"pronunciation":{"ipa":"/ɪkˈspektɪd/","syllables":"ex-pect-ed"},"inflection":{"verb_forms":{"present_simple":["expect","expects"],"past_simple":"expected","past_participle":"expected","present_participle":"expecting"}},"usage_notes":{"explanation":"「**expected**」は、動詞「expect」の過去形および過去分詞形であり、形容詞としても使用されます。動詞としては、過去に何かを予期または期待したことを表し、形容詞としては、何かが予想通りであるか、または予期されていた状態であることを示します。形容詞として使う場合は、名詞の前に置いて「期待された～」「予想された～」のように使います。また、「as expected」という形で、予想通りだったことを強調する表現としてもよく用いられます。","priority":"★★★"},"common_mistakes":{"examples":[{"incorrect":"✗ I am expecting that he will come.","correct":"✓ I expect that he will come.","note":"現在進行形にする必要がない場合、`expect` は状態を表す動詞として単純現在形で使うのが一般的です。"},{"incorrect":"✗ The expected of him is success.","correct":"✓ What is expected of him is success.","note":"`expected` を名詞として使う場合は、関係代名詞 `what` を用いて `What is expected...` のように表現します。"},{"incorrect":"✗ The weather is expected be good.","correct":"✓ The weather is expected to be good.","note":"`expect` の後に不定詞句が続く場合、`to` を忘れずに付けます。"}],"priority":"★★☆"},"related_words":{"derivatives":["expect (動詞: 予期する、期待する)","expectation (名詞: 予期、期待)","expectant (形容詞: 期待している、妊娠している)","unexpected (形容詞: 予期しない、思いがけない)","unexpectedly (副詞: 予期せずに、思いがけなく)"],"idioms_phrases":["be expected to (～することが期待されている)","more than expected (予想以上に)","less than expected (予想以下に)","as was to be expected (予想通り)"],"priority":"★★★"},"level_frequency":{"CEFR":"B1 (動詞の基本的な意味)、B2 (形容詞としての用法)","frequency_google_ngram":"高頻度 (High frequency)","priority":"★☆☆"},"readability_explanation":{"level":"B1","text":"「**expected**」は、「予想された」や「期待された」という意味の言葉です。動詞の「expect（予想する、期待する）」の過去形・過去分詞としても使われます。例えば、「The **expected** result was good.（予想された結果は良かった）」のように、名詞の前に置いて使います。また、「I **expected** him to call.（彼が電話してくることを期待していた）」のように、過去の出来事について話すときにも使います。日常会話やニュース記事など、様々な場面で使われる単語です。"},"example_sentences":[{"sentence":"The **expected** temperature for tomorrow is 25 degrees Celsius.","translation":"明日の予想気温は摂氏25度です。","type":"adjective","meaning_category":"予期された・予想された"},{"sentence":"He **expected** to win the race.","translation":"彼はレースに勝つことを期待していた。","type":"verb (past simple)","meaning_category":"予期した・期待した"},{"sentence":"The package arrived later than **expected**.","translation":"その荷物は予想よりも遅れて到着した。","type":"adjective","meaning_category":"予期された・予想された"},{"sentence":"As **expected**, the meeting was long and tedious.","translation":"予想通り、会議は長くて退屈だった。","type":"adjective (in phrase 'as expected')","meaning_category":"予期された・予想された"},{"sentence":"She had **expected** a warmer welcome.","translation":"彼女はもっと温かい歓迎を期待していた。","type":"verb (past participle)","meaning_category":"予期した・期待した"}]}