{"word":"golden","priority":"★★☆","meanings":[{"part_of_speech":"adjective","definition":"黄金の、金色の","english_definition":"made of or resembling gold.","examples":[{"sentence":"She wore a golden necklace.","translation":"彼女は金のネックレスをしていた。"},{"sentence":"The sunset painted the sky with golden hues.","translation":"夕焼けが空を金色に染めた。"}],"collocations":["golden hair (金髪)","golden jewelry (金の装飾品)","golden sunset (黄金の夕焼け)"],"synonyms":["gold","gilded","auric"],"antonyms":["silver","leaden"]},{"part_of_speech":"adjective","definition":"貴重な、価値のある、素晴らしい","english_definition":"very valuable or precious.","examples":[{"sentence":"This is a golden opportunity.","translation":"これは絶好の機会だ。"},{"sentence":"He gave me some golden advice.","translation":"彼は私に貴重な助言をくれた。"}],"collocations":["golden opportunity (絶好の機会)","golden age (黄金時代)","golden rule (黄金律)","golden memories (かけがえのない思い出)"],"synonyms":["precious","valuable","excellent","splendid","superb"],"antonyms":["worthless","inferior"]},{"part_of_speech":"adjective","definition":"幸せな、繁栄した","english_definition":"happy and prosperous.","examples":[{"sentence":"They lived in a golden era of peace and prosperity.","translation":"彼らは平和と繁栄の黄金時代に生きていた。"}],"collocations":["golden years (人生の黄金期、退職後の年月)"],"synonyms":["happy","prosperous","flourishing"],"antonyms":["unhappy","unsuccessful"]},{"part_of_speech":"adjective","definition":"(記念日などが)金婚式の","english_definition":"relating to a fiftieth anniversary, especially a wedding anniversary.","examples":[{"sentence":"They celebrated their golden wedding anniversary.","translation":"彼らは金婚式を祝った。"}],"collocations":["golden wedding (金婚式)"],"synonyms":[],"antonyms":[]}],"etymology":{"value":"古英語の「gylden」に由来し、「金でできている」または「金色に似ている」という意味を持つ。これは「gold」（金）という単語から派生した。比喩的な意味での「貴重な」や「素晴らしい」という意味は、金の価値の高さから来ている。","priority":"★★☆"},"pronunciation":{"ipa":"/ˈɡoʊldən/","syllables":"gol-den"},"inflection":{"notes":"形容詞なので、比較級・最上級の変化はありません。"},"usage_notes":{"explanation":"「**golden**」は、文字通りには「金でできている」または「金色」を意味しますが、比喩的には「非常に価値のある」「素晴らしい」「幸せな」といった意味合いで使われます。特に「golden opportunity」（絶好の機会）や「golden age」（黄金時代）といった表現はよく用いられます。また、結婚50周年を祝う「金婚式」を意味する「golden wedding」という表現もあります。","priority":"★★★"},"common_mistakes":{"examples":[{"incorrect":"✗ She has gold hair.","correct":"✓ She has golden hair.","note":"髪の色を表現する場合は、通常「golden hair」と言います。「gold hair」も間違いではありませんが、「golden hair」の方が一般的です。"},{"incorrect":"✗ This is a gold chance.","correct":"✓ This is a golden opportunity.","note":"「絶好の機会」を意味する場合は、「golden opportunity」という決まった言い方をします。「gold chance」は一般的ではありません。"}],"priority":"★★☆"},"related_words":{"derivatives":["gild (動詞: 金メッキする)","gold (名詞: 金)"],"idioms_phrases":["golden handshake (退職金、解雇手当)","golden parachute (経営者が解任された場合に支払われる高額な退職金)","golden rule (黄金律)"],"priority":"★★☆"},"level_frequency":{"CEFR":"B1","frequency_google_ngram":"比較的高頻度 (Relatively high frequency)","priority":"★☆☆"},"readability_explanation":{"level":"B1","text":"「**golden**」は、文字通りには「金色」という意味ですが、それ以外にも「とても価値がある」や「素晴らしい」という意味で使われることが多い単語です。例えば、「golden opportunity」は「めったにない良い機会」という意味になります。また、「golden age」は「一番良い時代」という意味で使われます。結婚50周年を「golden wedding」と言うことも覚えておきましょう。"},"example_sentences":[{"sentence":"The **golden** leaves fell from the trees.","translation":"木の葉が金色に色づいて落ちてきた。","type":"adjective","meaning_category":"黄金の・金色の"},{"sentence":"He seized the **golden** opportunity to travel the world.","translation":"彼は世界を旅するという絶好の機会をつかんだ。","type":"adjective","meaning_category":"貴重な・価値のある"},{"sentence":"They are enjoying their **golden** years in retirement.","translation":"彼らは退職後の黄金期を楽しんでいる。","type":"adjective","meaning_category":"幸せな・繁栄した"},{"sentence":"They celebrated their **golden** wedding anniversary with family and friends.","translation":"彼らは家族や友人と金婚式を祝った。","type":"adjective","meaning_category":"金婚式の"}]}